
> moolabase@0.1.0 build
> next build

Γû▓ Next.js 16.1.2 (Turbopack)
- Environments: .env.local

  Creating an optimized production build ...
Γ£ô Compiled successfully in 5.5min
  Running TypeScript ...
node.exe : Failed to compile.
At line:1 char:1
+ & "C:\Program Files\nodejs/node.exe" 
"C:\Users\kamog\AppData\Roaming\ ...
+ ~~~~~~~~~~~~~~~~~~~~~~~~~~~~~~~~~~~~~~~~~~~~~~~~~~~~~
~~~~~~~~~~~~~~~~
    + CategoryInfo          : NotSpecified: (Failed to 
    compile.:String) [], RemoteException
    + FullyQualifiedErrorId : NativeCommandError
 

./app/jobs/page.tsx:50:19
Type error: Argument of type '(prev: Job[]) => { type: 
string; id: string | number; title: string; 
description: string; location: string; created_at: 
string; }[]' is not assignable to parameter of type 
'SetStateAction<Job[]>'.
  Type '(prev: Job[]) => { type: string; id: string | 
number; title: string; description: string; location: 
string; created_at: string; }[]' is not assignable to 
type '(prevState: Job[]) => Job[]'.
    Type '{ type: string; id: string | number; title: 
string; description: string; location: string; 
created_at: string; }[]' is not assignable to type 
'Job[]'.
      Type '{ type: string; id: string | number; 
title: string; description: string; location: string; 
created_at: string; }' is not assignable to type 'Job'.
        Types of property 'type' are incompatible.
          Type 'string' is not assignable to type 
'"job" | "service"'.

[0m [90m 48 |[39m           [36mconst[39m newJob 
[33m=[39m { 
[33m...[39m(payload[33m.[39m[36mnew[39m 
[36mas[39m [33mJob[39m)[33m,[39m type[33m:[39m 
[32m'job'[39m }
 [90m 49 |[39m
[31m[1m>[22m[39m[90m 50 |[39m           
setJobs(prev [33m=>[39m [newJob[33m,[39m 
[33m...[39mprev])
 [90m    |[39m                   [31m[1m^[22m[39m
 [90m 51 |[39m         }
 [90m 52 |[39m       )
 [90m 53 |[39m       [33m.[39msubscribe()[0m
Next.js build worker exited with code: 1 and signal: 
null
